[10web-site.ai/17/sincere-minnow/index.html]
[backblue.gif]
[fade.gif]
[index.html]
[10web-site.ai/17/wp-content/themes/tenweb-website-builder-theme/woo/assets/checkout6c17.css]
[10web-site.ai/17/wp-content/themes/tenweb-website-builder-theme/woo/assets/cart6c17.css]
[10web-site.ai/17/wp-content/plugins/elementor/assets/css/frontend-legacy.min8864.css]
[10web-site.ai/17/wp-content/plugins/elementor/assets/css/frontend.min8864.css]
[10web-site.ai/17/wp-content/plugins/tenweb-builder/assets/frontend/css/frontend16cd.css]
[10web-site.ai/17/wp-content/plugins/tenweb-builder/assets/frontend/css/global_frontend16cd.css]
[10web-site.ai/17/wp-includes/css/dist/block-library/style.min84fc.css]
[10web-site.ai/17/wp-content/plugins/ai-builder-demo-plugin/assets/css/fakeEditor077c.css]
[10web-site.ai/17/wp-content/plugins/ai-builder-demo-plugin/ai/assets/style077c.css]
[10web-site.ai/17/wp-includes/css/dashicons.min84fc.css]
[10web-site.ai/17/wp-content/plugins/woocommerce/assets/css/woocommerce-layout8833.css]
[10web-site.ai/17/wp-content/plugins/woocommerce/assets/css/woocommerce-smallscreen8833.css]
[10web-site.ai/17/wp-content/uploads/sites/19/elementor/css/post-388133f0a9.css]
[10web-site.ai/17/wp-content/themes/tenweb-website-builder-theme/assets/css/styles-wc.min6c17.css]
[10web-site.ai/17/wp-content/plugins/elementor/assets/lib/eicons/css/elementor-icons.min192d.css]
[10web-site.ai/17/wp-content/plugins/elementor/assets/lib/swiper/v8/css/swiper.min94a4.css]
[10web-site.ai/17/wp-content/uploads/sites/19/elementor/css/post-388136f0a9.css]
[10web-site.ai/17/wp-content/plugins/tenweb-builder/pro-features/assets/css/frontend16cd.css]
[10web-site.ai/17/wp-content/uploads/sites/19/elementor/css/globala0da.css]
[10web-site.ai/17/wp-content/uploads/sites/19/elementor/css/post-388108f0a9.css]
[10web-site.ai/17/wp-content/plugins/elementor/assets/lib/font-awesome/css/fontawesome.min52d5.css]
[10web-site.ai/17/wp-content/plugins/elementor/assets/lib/font-awesome/css/solid.min52d5.css]
[10web-site.ai/17/wp-includes/js/jquery/jquery.minf43b.js]
[10web-site.ai/17/wp-includes/js/jquery/jquery-migrate.min5589.js]
[10web-site.ai/17/wp-content/themes/tenweb-website-builder-theme/woo/assets/checkout6c17.js]
[10web-site.ai/17/wp-content/plugins/woocommerce/assets/js/jquery-blockui/jquery.blockUI.min2bc8.js]
[10web-site.ai/17/wp-content/plugins/woocommerce/assets/js/frontend/add-to-cart.min8833.js]
[10web-site.ai/17/wp-content/plugins/woocommerce/assets/js/js-cookie/js.cookie.min0c4a.js]
[10web-site.ai/17/wp-content/plugins/woocommerce/assets/js/frontend/woocommerce.min8833.js]
[10web-site.ai/17/wp-content/themes/tenweb-website-builder-theme/assets/js/scripts.min6c17.js]
[10web-site.ai/17/wp-content/plugins/ai-builder-demo-plugin/assets/css/main077c.css]
[10web-site.ai/17/wp-content/plugins/woocommerce/assets/client/blocks/wc-blocks8fea.css]
[10web-site.ai/17/wp-content/plugins/tenweb-builder/includes/PreviewUpgrade/assets/style/preview_upgrade16cd.css]
[10web-site.ai/17/wp-content/plugins/ai-builder-demo-plugin/PreviewKit/assets/style/style077c.css]
[10web-site.ai/17/sincere-minnow/url/index.html]
[10web-site.ai/17/wp-content/plugins/elementor/assets/lib/font-awesome/css/all.min8864.css]
[10web-site.ai/17/sincere-minnow/sale/index.html]
[10web-site.ai/17/wp-content/plugins/elementor/assets/lib/font-awesome/css/v4-shims.min8864.css]
[10web-site.ai/17/wp-content/mu-plugins/10web-manager/vendor/10web-utils/10web-woocommerce-package/src/TenWebWooP/WoocommerceWidgets/Filter/Includes/assets/libraries/css/select2.min9f79.css]
[10web-site.ai/17/wp-content/mu-plugins/10web-manager/vendor/10web-utils/10web-woocommerce-package/src/TenWebWooP/WoocommerceWidgets/Filter/Includes/assets/css/filter9f79.css]
[10web-site.ai/17/wp-content/mu-plugins/10web-manager/vendor/10web-utils/10web-woocommerce-package/src/TenWebWooP/WoocommerceWidgets/Filter/Includes/assets/libraries/jquery-ui/jquery-ui9f79.css]
[10web-site.ai/17/wp-content/uploads/sites/19/elementor/css/post-3881329171.css]
[10web-site.ai/17/wp-content/plugins/elementor/assets/lib/animations/animations.min8864.css]
[10web-site.ai/17/wp-content/plugins/elementor/assets/lib/font-awesome/css/brands.min52d5.css]
[10web-site.ai/17/sincere-minnow/product-tag/shop/index.html]
[10web-site.ai/17/wp-content/plugins/woocommerce/assets/js/sourcebuster/sourcebuster.min8833.js]
[10web-site.ai/17/sincere-minnow/product-category/alloy-wheels/index.html]
[10web-site.ai/17/wp-content/plugins/woocommerce/assets/js/frontend/order-attribution.min8833.js]
[10web-site.ai/17/wp-includes/js/dist/vendor/wp-polyfill-inert.min0226.js]
[10web-site.ai/17/sincere-minnow/product-category/forged-wheels/index.html]
[10web-site.ai/17/wp-includes/js/dist/vendor/regenerator-runtime.min6c85.js]
[10web-site.ai/17/wp-includes/js/dist/vendor/wp-polyfill.min2c7c.js]
[10web-site.ai/17/wp-includes/js/dist/vendor/react.min7a3b.js]
[10web-site.ai/17/sincere-minnow/product/custom-car-wheels-3/index.html]
[10web-site.ai/17/wp-includes/js/dist/hooks.min2ebd.js]
[10web-site.ai/17/wp-includes/js/dist/deprecated.min664b.js]
[10web-site.ai/17/wp-includes/js/dist/dom.minbac8.js]
[10web-site.ai/17/sincere-minnow/product/custom-car-wheels-2/index.html]
[10web-site.ai/17/wp-includes/js/dist/vendor/react-dom.min7a3b.js]
[10web-site.ai/17/wp-includes/js/dist/escape-html.min0311.js]
[10web-site.ai/17/wp-includes/js/dist/element.min0eb1.js]
[10web-site.ai/17/sincere-minnow/product-category/custom-finishes/index.html]
[10web-site.ai/17/wp-includes/js/dist/is-shallow-equal.mincc0f.js]
[10web-site.ai/17/sincere-minnow/contact/index.html]
[10web-site.ai/17/wp-includes/js/dist/i18n.minf92f.js]
[10web-site.ai/17/wp-includes/js/dist/keycodes.min3d5f.js]
[10web-site.ai/17/wp-includes/js/dist/priority-queue.mind972.js]
[10web-site.ai/17/sincere-minnow/my-account/index.html]
[10web-site.ai/17/wp-includes/js/dist/compose.min3e86.js]
[10web-site.ai/17/wp-includes/js/dist/private-apis.min3089.js]
[10web-site.ai/17/wp-includes/js/dist/redux-routine.min9528.js]
[10web-site.ai/17/sincere-minnow/shop/index.html]
[10web-site.ai/17/wp-includes/js/dist/data.min23f6.js]
[10web-site.ai/17/wp-includes/js/dist/vendor/lodash.minf492.js]
[10web-site.ai/17/wp-content/plugins/woocommerce/assets/client/blocks/wc-blocks-registry8d1b.js]
[10web-site.ai/17/wp-includes/js/dist/url.min7dc0.js]
[10web-site.ai/17/wp-includes/js/dist/api-fetch.min471f.js]
[10web-site.ai/17/wp-content/plugins/woocommerce/assets/client/blocks/wc-settings8edc.js]
[10web-site.ai/17/sincere-minnow/index3bef.html]
[10web-site.ai/17/wp-includes/js/dist/data-controls.min0740.js]
[10web-site.ai/17/wp-includes/js/dist/html-entities.min68f0.js]
[10web-site.ai/17/wp-includes/js/dist/notices.min380b.js]
[10web-site.ai/17/wp-content/plugins/woocommerce/assets/client/blocks/wc-blocks-middlewarece2b.js]
[10web-site.ai/17/sincere-minnow/index1aff.html]
[10web-site.ai/17/wp-content/plugins/woocommerce/assets/client/blocks/wc-blocks-data997f.js]
[10web-site.ai/17/wp-includes/js/dist/dom-ready.minded6.js]
[10web-site.ai/17/wp-includes/js/dist/a11y.min866e.js]
[10web-site.ai/17/wp-includes/js/dist/primitives.minfde7.js]
[10web-site.ai/17/wp-includes/js/dist/warning.minb0b0.js]
[10web-site.ai/17/wp-content/plugins/woocommerce/assets/client/blocks/blocks-componentsf69d.js]
[10web-site.ai/17/wp-content/plugins/woocommerce/assets/client/blocks/blocks-checkout297b.js]
[10web-site.ai/17/wp-content/plugins/woocommerce/assets/js/frontend/order-attribution-blocks.min8833.js]
[10web-site.ai/17/wp-content/plugins/ai-builder-demo-plugin/assets/js/main077c.js]
[10web-site.ai/17/wp-content/plugins/ai-builder-demo-plugin/assets/js/device077c.js]
[10web-site.ai/17/wp-content/plugins/tenweb-builder/includes/PreviewUpgrade/assets/script/preview_upgrade16cd.js]
[10web-site.ai/17/wp-content/plugins/ai-builder-demo-plugin/PreviewKit/assets/script/script077c.js]
[10web-site.ai/17/wp-content/plugins/elementor/assets/lib/font-awesome/js/v4-shims.min8864.js]
[10web-site.ai/17/wp-content/mu-plugins/10web-manager/vendor/10web-utils/10web-woocommerce-package/src/TenWebWooP/WoocommerceWidgets/Filter/Includes/assets/libraries/jquery-ui/jquery-ui8a54.js]
[10web-site.ai/17/wp-content/mu-plugins/10web-manager/vendor/10web-utils/10web-woocommerce-package/src/TenWebWooP/WoocommerceWidgets/Filter/Includes/assets/libraries/js/select2.min8a54.js]
[10web-site.ai/17/wp-content/mu-plugins/10web-manager/vendor/10web-utils/10web-woocommerce-package/src/TenWebWooP/WoocommerceWidgets/Filter/Includes/assets/js/filter8a54.js]
[10web-site.ai/17/wp-content/plugins/tenweb-builder/pro-features/assets/js/webpack-pro.runtime16cd.js]
[10web-site.ai/17/wp-content/plugins/elementor/assets/js/webpack.runtime.min8864.js]
[10web-site.ai/17/wp-content/plugins/elementor/assets/js/frontend-modules.min8864.js]
[10web-site.ai/17/wp-content/plugins/tenweb-builder/pro-features/assets/js/frontend16cd.js]
[10web-site.ai/17/wp-content/plugins/elementor/assets/lib/waypoints/waypoints.min05da.js]
[10web-site.ai/17/wp-includes/js/jquery/ui/core.min3f14.js]
[10web-site.ai/17/wp-content/plugins/elementor/assets/lib/swiper/v8/swiper.min94a4.js]
[10web-site.ai/17/wp-content/plugins/elementor/assets/lib/share-link/share-link.min8864.js]
[10web-site.ai/17/wp-content/plugins/elementor/assets/lib/dialog/dialog.mind227.js]
[10web-site.ai/17/wp-content/plugins/elementor/assets/js/frontend.min8864.js]
[10web-site.ai/17/wp-content/plugins/tenweb-builder/pro-features/assets/js/preloaded-elements-handlers16cd.js]
[10web-site.ai/17/wp-content/plugins/elementor/assets/js/preloaded-modules.min8864.js]
[10web-site.ai/17/wp-includes/js/underscore.mind584.js]
[10web-site.ai/17/wp-content/plugins/tenweb-builder/widgets/sticky/assets/js/jquery.sticky.min16cd.js]
[10web-site.ai/17/wp-includes/js/imagesloaded.minbb93.js]
[10web-site.ai/17/wp-includes/js/masonry.min3a05.js]
[10web-site.ai/17/wp-content/plugins/woocommerce/assets/js/frontend/cart-fragments.min8833.js]
[10web-site.ai/17/sincere-minnow/index.html]
[metrics.10web-site.ai/gtm5445.html]
[10web-site.ai/17/wp-content/themes/tenweb-website-builder-theme/woo/assets/checkout6c17.css]
[10web-site.ai/17/wp-content/themes/tenweb-website-builder-theme/woo/assets/cart6c17.css]
[10web-site.ai/17/wp-content/plugins/elementor/assets/css/frontend-legacy.min8864.css]
[10web-site.ai/17/wp-content/plugins/elementor/assets/css/frontend.min8864.css]
[10web-site.ai/17/wp-content/plugins/tenweb-builder/assets/frontend/css/frontend16cd.css]
[10web-site.ai/17/wp-content/plugins/tenweb-builder/assets/frontend/css/global_frontend16cd.css]
[10web-site.ai/17/wp-includes/css/dist/block-library/style.min84fc.css]
[10web-site.ai/17/wp-content/plugins/ai-builder-demo-plugin/assets/css/fakeEditor077c.css]
[10web-site.ai/17/wp-content/plugins/tenweb-builder/assets/frontend/js/frontend.min16cd.js]
[10web-site.ai/17/wp-content/plugins/ai-builder-demo-plugin/ai/assets/images/logo_light.svg]
[10web-site.ai/17/wp-content/plugins/ai-builder-demo-plugin/ai/assets/images/logo_light_whitelabel.svg]
[10web-site.ai/17/wp-content/plugins/ai-builder-demo-plugin/ai/assets/images/close_light.svg]
[10web-site.ai/17/wp-content/plugins/ai-builder-demo-plugin/ai/assets/images/search_icon_light.svg]
[10web-site.ai/17/wp-content/plugins/ai-builder-demo-plugin/ai/assets/images/Domain_Icon.svg]
[10web-site.ai/17/wp-content/plugins/ai-builder-demo-plugin/ai/assets/images/Navigation_Left_Icon.svg]
[10web-site.ai/17/wp-content/plugins/ai-builder-demo-plugin/ai/assets/images/make_it_shorter_light.svg]
[10web-site.ai/17/wp-content/plugins/ai-builder-demo-plugin/ai/assets/images/Language_Icon.svg]
[10web-site.ai/17/wp-content/plugins/ai-builder-demo-plugin/ai/assets/images/up_icon.svg]
[10web-site.ai/17/wp-content/plugins/ai-builder-demo-plugin/ai/assets/images/dropdown_icon.svg]
[10web-site.ai/17/wp-content/plugins/ai-builder-demo-plugin/ai/assets/images/icon2.svg]
[10web-site.ai/17/wp-content/plugins/ai-builder-demo-plugin/ai/assets/images/domain.svg]
[10web-site.ai/17/wp-content/plugins/ai-builder-demo-plugin/ai/assets/images/make_longer.svg]
[10web-site.ai/17/wp-content/plugins/ai-builder-demo-plugin/ai/assets/images/make_it_shorter.svg]
[10web-site.ai/17/wp-content/plugins/ai-builder-demo-plugin/ai/assets/style077c.css]
[10web-site.ai/17/wp-includes/css/dashicons.min84fc.css]
[10web-site.ai/17/wp-content/plugins/woocommerce/assets/css/woocommerce-layout8833.css]
[10web-site.ai/17/wp-content/plugins/woocommerce/assets/css/woocommerce-smallscreen8833.css]
[10web-site.ai/17/wp-content/uploads/sites/19/elementor/css/post-388133f0a9.css]
[10web-site.ai/17/wp-content/plugins/ai-builder-demo-plugin/ai/assets/images/new_prompt.svg]
[10web-site.ai/17/wp-content/themes/tenweb-website-builder-theme/assets/css/images/home_banner.png]
[10web-site.ai/17/wp-content/themes/tenweb-website-builder-theme/assets/css/styles-wc.min6c17.css]
[10web-site.ai/17/wp-content/plugins/elementor/assets/lib/eicons/css/elementor-icons.min192d.css]
[10web-site.ai/17/wp-content/plugins/elementor/assets/lib/swiper/v8/css/swiper.min94a4.css]
[10web-site.ai/17/wp-content/uploads/sites/19/elementor/css/post-388136f0a9.css]
[10web-site.ai/17/wp-content/plugins/tenweb-builder/pro-features/assets/css/frontend16cd.css]
[10web-site.ai/17/wp-content/uploads/sites/19/elementor/css/globala0da.css]
[10web-site.ai/17/wp-content/uploads/sites/19/elementor/css/post-388108f0a9.css]
[10web-site.ai/17/wp-content/plugins/elementor/assets/lib/font-awesome/css/fontawesome.min52d5.css]
[10web-site.ai/17/wp-content/plugins/elementor/assets/lib/font-awesome/css/solid.min52d5.css]
[10web-site.ai/17/sincere-minnow/url/index.html]
[10web-site.ai/17/wp-content/themes/tenweb-website-builder-theme/assets/css/images/search.svg]
[10web-site.ai/17/wp-content/uploads/sites/19/elementor/css/post-3881099da9.css]
[10web-site.ai/17/sincere-minnow/sale/index.html]
[10web-site.ai/17/wp-content/uploads/sites/19/elementor/css/post-3881355f44.css]
[10web-site.ai/17/sincere-minnow/sale/url/index.html]
[10web-site.ai/17/sincere-minnow/product-tag/shop/index.html]
[10web-site.ai/17/sincere-minnow/product-category/forged-wheels/index.html]
[10web-site.ai/17/sincere-minnow/product-tag/shop/feed/index.html]
[10web-site.ai/17/wp-content/uploads/sites/19/elementor/css/post-38813441c6.css]
[10web-site.ai/17/wp-content/plugins/woocommerce/assets/js/zoom/jquery.zoom.min0c64.js]
[10web-site.ai/17/sincere-minnow/product-category/forged-wheels/feed/index.html]
[10web-site.ai/17/wp-content/plugins/woocommerce/assets/js/flexslider/jquery.flexslider.mincbca.js]
[10web-site.ai/17/wp-content/plugins/woocommerce/assets/js/frontend/single-product.min8833.js]
[10web-site.ai/17/sincere-minnow/product/custom-car-wheels-3/index.html]
[10web-site.ai/17/sincere-minnow/product-category/alloy-wheels/index.html]
[10web-site.ai/17/sincere-minnow/product/custom-car-wheels-3/url/index.html]
[10web-site.ai/17/sincere-minnow/product/custom-car-wheels-3/index1aff.html]
[10web-site.ai/17/sincere-minnow/product/custom-car-wheels-2/index.html]
[10web-site.ai/17/sincere-minnow/product-category/custom-finishes/index.html]
[10web-site.ai/17/sincere-minnow/product/custom-car-wheels/index.html]
[10web-site.ai/17/sincere-minnow/product/custom-car-wheels-2/index3bef.html]
[10web-site.ai/17/wp-content/uploads/sites/19/elementor/css/post-3881106f62.css]
[10web-site.ai/17/sincere-minnow/contact/index.html]
[10web-site.ai/17/sincere-minnow/product/custom-car-wheels-2/index0348.html]
[10web-site.ai/17/sincere-minnow/contact/url/index.html]
[10web-site.ai/17/wp-content/plugins/woocommerce/assets/css/select28833.css]
[10web-site.ai/17/wp-content/uploads/sites/19/elementor/css/post-38811157ff.css]
[10web-site.ai/17/wp-content/plugins/woocommerce/assets/js/selectWoo/selectWoo.full.min27fb.js]
[10web-site.ai/17/sincere-minnow/my-account/index.html]
[10web-site.ai/17/sincere-minnow/shop/index.html]
[10web-site.ai/17/sincere-minnow/index3bef.html]
[10web-site.ai/17/sincere-minnow/index0348.html]
[10web-site.ai/17/sincere-minnow/index1aff.html]
[10web-site.ai/17/sincere-minnow/my-account/url/index.html]
[10web-site.ai/17/wp-content/plugins/ai-builder-demo-plugin/assets/images/topbar_left_bg.png]
[10web-site.ai/17/sincere-minnow/my-account/lost-password/index.html]
[10web-site.ai/17/wp-content/plugins/ai-builder-demo-plugin/assets/images/topbar_right_bg.png]
[10web-site.ai/17/wp-content/plugins/ai-builder-demo-plugin/assets/images/banner.jpg]
[10web-site.ai/17/wp-content/plugins/ai-builder-demo-plugin/assets/images/editor_top.jpg]
[10web-site.ai/17/wp-content/plugins/ai-builder-demo-plugin/assets/images/editor_basic.jpg]
[10web-site.ai/17/wp-content/plugins/ai-builder-demo-plugin/assets/css/main077c.css]
[10web-site.ai/17/wp-content/plugins/woocommerce/assets/client/blocks/wc-blocks8fea.css]
[10web-site.ai/17/wp-content/plugins/tenweb-builder/includes/PreviewUpgrade/assets/style/preview_upgrade16cd.css]
[10web-site.ai/17/wp-content/plugins/ai-builder-demo-plugin/PreviewKit/assets/style/style077c.css]
[10web-site.ai/17/wp-content/plugins/elementor/assets/lib/font-awesome/css/all.min8864.css]
[10web-site.ai/17/wp-content/plugins/elementor/assets/lib/font-awesome/css/v4-shims.min8864.css]
[10web-site.ai/17/wp-content/mu-plugins/10web-manager/vendor/10web-utils/10web-woocommerce-package/src/TenWebWooP/WoocommerceWidgets/Filter/Includes/assets/libraries/css/select2.min9f79.css]
[10web-site.ai/17/wp-content/mu-plugins/10web-manager/vendor/10web-utils/10web-woocommerce-package/src/TenWebWooP/WoocommerceWidgets/Filter/Includes/assets/css/filter9f79.css]
[10web-site.ai/17/wp-content/mu-plugins/10web-manager/vendor/10web-utils/10web-woocommerce-package/src/TenWebWooP/WoocommerceWidgets/Filter/Includes/assets/libraries/jquery-ui/jquery-ui9f79.css]
[10web-site.ai/17/wp-content/mu-plugins/10web-manager/vendor/10web-utils/10web-woocommerce-package/src/TenWebWooP/WoocommerceWidgets/Filter/Includes/assets/libraries/jquery-ui/images/ui-icons_ffffff_256x240]
[10web-site.ai/17/wp-content/uploads/sites/19/elementor/css/post-3881329171.css]
[10web-site.ai/17/wp-content/mu-plugins/10web-manager/vendor/10web-utils/10web-woocommerce-package/src/TenWebWooP/WoocommerceWidgets/Filter/Includes/assets/libraries/jquery-ui/images/ui-icons_777620_256x240]
[10web-site.ai/17/wp-content/mu-plugins/10web-manager/vendor/10web-utils/10web-woocommerce-package/src/TenWebWooP/WoocommerceWidgets/Filter/Includes/assets/libraries/jquery-ui/images/ui-icons_cc0000_256x240]
[10web-site.ai/17/wp-content/plugins/elementor/assets/lib/animations/animations.min8864.css]
[10web-site.ai/17/wp-content/plugins/elementor/assets/lib/font-awesome/css/brands.min52d5.css]
[10web-site.ai/17/wp-content/plugins/ai-builder-demo-plugin/ai/assets/images/logo_light.svg]
[10web-site.ai/17/wp-content/plugins/ai-builder-demo-plugin/ai/assets/images/logo_light_whitelabel.svg]
[10web-site.ai/17/wp-content/plugins/ai-builder-demo-plugin/ai/assets/images/close_light.svg]
[10web-site.ai/17/wp-content/plugins/ai-builder-demo-plugin/ai/assets/images/search_icon_light.svg]
[10web-site.ai/17/wp-content/plugins/ai-builder-demo-plugin/ai/assets/images/Domain_Icon.svg]
[10web-site.ai/17/wp-content/plugins/ai-builder-demo-plugin/ai/assets/images/Navigation_Left_Icon.svg]
[10web-site.ai/17/wp-content/plugins/ai-builder-demo-plugin/ai/assets/images/make_it_shorter_light.svg]
[10web-site.ai/17/wp-content/plugins/ai-builder-demo-plugin/ai/assets/images/Language_Icon.svg]
[10web-site.ai/17/wp-content/plugins/ai-builder-demo-plugin/ai/assets/images/up_icon.svg]
[10web-site.ai/17/wp-content/plugins/ai-builder-demo-plugin/ai/assets/images/dropdown_icon.svg]
[10web-site.ai/17/wp-content/plugins/ai-builder-demo-plugin/ai/assets/images/icon2.svg]
[10web-site.ai/17/wp-content/plugins/ai-builder-demo-plugin/ai/assets/images/domain.svg]
[10web-site.ai/17/wp-content/plugins/ai-builder-demo-plugin/ai/assets/images/make_longer.svg]
[10web-site.ai/17/wp-content/plugins/ai-builder-demo-plugin/ai/assets/images/make_it_shorter.svg]
[10web-site.ai/17/wp-content/plugins/ai-builder-demo-plugin/ai/assets/images/new_prompt.svg]
[10web-site.ai/17/wp-content/themes/tenweb-website-builder-theme/assets/css/images/search.svg]
[10web-site.ai/17/wp-content/uploads/sites/19/elementor/css/post-3881099da9.css]
[10web-site.ai/17/sincere-minnow/sale/url/index.html]
[10web-site.ai/17/sincere-minnow/product-tag/shop/feed/index.html]
[10web-site.ai/17/wp-content/uploads/sites/19/elementor/css/post-3881355f44.css]
[10web-site.ai/17/sincere-minnow/product-tag/shop/url/index.html]
[10web-site.ai/17/sincere-minnow/product-category/forged-wheels/feed/index.html]
[10web-site.ai/17/sincere-minnow/product-category/forged-wheels/url/index.html]
[10web-site.ai/17/wp-content/uploads/sites/19/elementor/css/post-38813441c6.css]
[10web-site.ai/17/sincere-minnow/product/custom-car-wheels-3/url/index.html]
[10web-site.ai/17/sincere-minnow/product/custom-car-wheels-3/index0348.html]
[10web-site.ai/17/sincere-minnow/product/custom-car-wheels-3/index1aff.html]
[10web-site.ai/17/sincere-minnow/product-category/alloy-wheels/feed/index.html]
[10web-site.ai/17/sincere-minnow/product-category/alloy-wheels/url/index.html]
[10web-site.ai/17/sincere-minnow/product/custom-car-wheels-2/url/index.html]
[10web-site.ai/17/sincere-minnow/product/custom-car-wheels-2/index3bef.html]
[10web-site.ai/17/sincere-minnow/product/custom-car-wheels-2/index0348.html]
[10web-site.ai/17/sincere-minnow/product-category/custom-finishes/feed/index.html]
[10web-site.ai/17/sincere-minnow/product-category/custom-finishes/url/index.html]
[10web-site.ai/17/wp-content/uploads/sites/19/elementor/css/post-3881106f62.css]
[10web-site.ai/17/sincere-minnow/contact/url/index.html]
[10web-site.ai/17/wp-content/plugins/woocommerce/assets/css/select28833.css]
[10web-site.ai/17/wp-content/uploads/sites/19/elementor/css/post-38811157ff.css]
[10web-site.ai/17/sincere-minnow/my-account/url/index.html]
[10web-site.ai/17/sincere-minnow/my-account/lost-password/index.html]
[10web-site.ai/17/sincere-minnow/shop/url/index.html]
[10web-site.ai/17/wp-content/mu-plugins/10web-manager/vendor/10web-utils/10web-woocommerce-package/src/TenWebWooP/WoocommerceWidgets/Filter/Includes/assets/libraries/jquery-ui/images/ui-icons_777777_256x240]
[10web-site.ai/17/wp-content/mu-plugins/10web-manager/vendor/10web-utils/10web-woocommerce-package/src/TenWebWooP/WoocommerceWidgets/Filter/Includes/assets/libraries/jquery-ui/images/ui-icons_444444_256x240]
[10web-site.ai/17/wp-content/mu-plugins/10web-manager/vendor/10web-utils/10web-woocommerce-package/src/TenWebWooP/WoocommerceWidgets/Filter/Includes/assets/libraries/jquery-ui/images/ui-icons_555555_256x240]
